// Jest Snapshot v1, https://goo.gl/fbAQLP

exports[`AppTest jest test 1`] = `
<View
  style={
    {
      "alignItems": "center",
      "flex": 1,
      "justifyContent": "center",
    }
  }
>
  <Text>
    테스트 컴포넌트
  </Text>
  <TextInput
    allowFontScaling={true}
    collapsable={false}
    onChangeText={[Function]}
    onGestureHandlerEvent={[Function]}
    onGestureHandlerStateChange={[Function]}
    placeholder="Enter data"
    rejectResponderTermination={true}
    underlineColorAndroid="transparent"
  />
</View>
`;
